=== REGISTRO DE AUDITORIA DE SEGURANÇA - Fri Aug  7 11:18:45 PM UTC 2026 ===

--- Iniciando 3 tentativas de acesso SEM chave válida ---
[2026-08-07 23:18:45] Tentativa 1 (Sem chave):
HTTP/1.1 401 Unauthorized
X-Powered-By: Express
Content-Type: application/json; charset=utf-8
Content-Length: 82
ETag: W/"52-ACFSTwLBdy4WJZD5Q5wZm463UoA"
Date: Fri, 07 Aug 2026 23:18:45 GMT
Connection: keep-alive
Keep-Alive: timeout=5

{"sucesso":false,"erro":"Acesso negado: Chave de API ou Token inválido/ausente."}
----------------------------------------

[2026-08-07 23:18:45] Tentativa 2 (Sem chave):
HTTP/1.1 401 Unauthorized
X-Powered-By: Express
Content-Type: application/json; charset=utf-8
Content-Length: 82
ETag: W/"52-ACFSTwLBdy4WJZD5Q5wZm463UoA"
Date: Fri, 07 Aug 2026 23:18:45 GMT
Connection: keep-alive
Keep-Alive: timeout=5

{"sucesso":false,"erro":"Acesso negado: Chave de API ou Token inválido/ausente."}
----------------------------------------

[2026-08-07 23:18:45] Tentativa 3 (Sem chave):
HTTP/1.1 401 Unauthorized
X-Powered-By: Express
Content-Type: application/json; charset=utf-8
Content-Length: 82
ETag: W/"52-ACFSTwLBdy4WJZD5Q5wZm463UoA"
Date: Fri, 07 Aug 2026 23:18:45 GMT
Connection: keep-alive
Keep-Alive: timeout=5

{"sucesso":false,"erro":"Acesso negado: Chave de API ou Token inválido/ausente."}
----------------------------------------

--- Iniciando 1 tentativa de acesso COM chave válida ---
[2026-08-07 23:18:45] Tentativa (Com chave no Authorization):
HTTP/1.1 200 OK
X-Powered-By: Express
Content-Type: application/json; charset=utf-8
Content-Length: 171
ETag: W/"ab-PvVzhPR2OT2U6QhKskMUlfNW2HA"
Date: Fri, 07 Aug 2026 23:18:45 GMT
Connection: keep-alive
Keep-Alive: timeout=5

{"sucesso":true,"total":1,"dados":[{"id":1,"placaCaminhao":"ABC-1234","descricao":"Troca de óleo e filtro","valorOrcamento":850,"status":"Aprovado","data":"2026-08-07"}]}
----------------------------------------

